Starting org.bukkit.craftbukkit.Main
2026-09-02T20:48:10.269875664Z ServerMain WARN Advanced terminal features are not available in this environment
[20:48:10 INFO]: [bootstrap] Running Java 25 (OpenJDK 64-Bit Server VM 25.0.2+10-LTS; Microsoft Microsoft-13053558) on Linux 6.8.0-1052-azure (amd64)
[20:48:10 INFO]: [bootstrap] Loading Paper 26.2-112-main@c9e894d (2026-08-11T05:18:39Z) for Minecraft 26.2
[20:48:10 INFO]: [PluginInitializerManager] Initializing plugins...
[20:48:11 INFO]: [PluginInitializerManager] Initialized 11 plugins
[20:48:11 INFO]: [PluginInitializerManager] Bukkit plugins (11):
 - Death (1.0.0), INventory (1.0.0), Phaxi (1.0.0), Physics (1.0.0), Restore (1.0.0), SkinsRestorer (15.12.5), ViaBackwards (5.11.0), ViaVersion (5.11.0), Weapons (2.0.0), XautralMusic (1.0.0), xLogin (1.0.0)
WARNING: A terminally deprecated method in sun.misc.Unsafe has been called
WARNING: sun.misc.Unsafe::objectFieldOffset has been called by org.joml.MemUtil$MemUtilUnsafe (file:/workspaces/WillSrv/libraries/org/joml/joml/1.10.8/joml-1.10.8.jar)
WARNING: Please consider reporting this to the maintainers of class org.joml.MemUtil$MemUtilUnsafe
WARNING: sun.misc.Unsafe::objectFieldOffset will be removed in a future release
[20:48:17 INFO]: [ca.spottedleaf.dataconverter.minecraft.datatypes.MCTypeRegistry] Initialising converters for DataConverter...
[20:48:17 INFO]: Environment: Environment[sessionHost=https://sessionserver.mojang.com, servicesHost=https://api.minecraftservices.com, profilesHost=https://api.mojang.com, name=PROD]
[20:48:18 INFO]: [ca.spottedleaf.dataconverter.minecraft.datatypes.MCTypeRegistry] Finished initialising converters for DataConverter in 1,157.6ms
[20:48:21 INFO]: Loaded 1585 recipes
[20:48:21 INFO]: Loaded 1688 advancements
[20:48:21 INFO]: Starting minecraft server version 26.2
[20:48:21 INFO]: Loading properties
[20:48:22 INFO]: This server is running Paper version 26.2-112-main@c9e894d (2026-08-11T05:18:39Z) (Implementing API version 26.2.build.112-stable)
[20:48:22 INFO]: [spark] This server bundles the spark profiler. For more information please visit https://docs.papermc.io/paper/profiling
[20:48:22 INFO]: Server Ping Player Sample Count: 12
[20:48:22 INFO]: Using 4 threads for Netty based IO
[20:48:22 INFO]: [MoonriseCommon] Paper is using 1 worker threads, 1 I/O threads
[20:48:23 INFO]: Default game type: SURVIVAL
[20:48:23 INFO]: Generating keypair
[20:48:23 INFO]: Starting Minecraft server on *:25565
[20:48:23 INFO]: Paper: Using libdeflate (Linux x86_64) compression from Velocity.
[20:48:23 INFO]: Paper: Using OpenSSL 3.x.x (Linux x86_64) cipher from Velocity.
[20:48:24 INFO]: [ViaVersion] Loading server plugin ViaVersion v5.11.0
[20:48:24 INFO]: [ViaVersion] ViaVersion 5.11.0 is now loaded. Registering protocol transformers and injecting...
[20:48:25 INFO]: [ViaBackwards] Loading translations...
[20:48:25 INFO]: [ViaBackwards] Registering protocols...
[20:48:26 INFO]: [ViaBackwards] Loading server plugin ViaBackwards v5.11.0
[20:48:26 INFO]: [SkinsRestorer] Loading server plugin SkinsRestorer v15.12.5
[20:48:26 INFO]: [INventory] Loading server plugin INventory v1.0.0
[20:48:26 INFO]: [Restore] Loading server plugin Restore v1.0.0
[20:48:26 INFO]: [Weapons] Loading server plugin Weapons v2.0.0
[20:48:26 INFO]: [xLogin] Loading server plugin xLogin v1.0.0
[20:48:26 INFO]: [Physics] Loading server plugin Physics v1.0.0
[20:48:26 INFO]: [Phaxi] Loading server plugin Phaxi v1.0.0
[20:48:26 INFO]: [Death] Loading server plugin Death v1.0.0
[20:48:26 INFO]: [XautralMusic] Loading server plugin XautralMusic v1.0.0
[20:48:26 INFO]: [SkinsRestorer] Enabling SkinsRestorer v15.12.5
[20:48:27 INFO]: [33;1m[[32;22mSkinsRestorer[33;1m] [0;39m[32;1mRunning on Minecraft [33;1m26.2.0[32;1m.[0;39m
[20:48:27 INFO]: [33;1m[[32;22mSkinsRestorer[33;1m] [0;39mUsing paper join listener![0;39m
[20:48:27 WARN]: **** SERVER IS RUNNING IN OFFLINE/INSECURE MODE!
[20:48:27 WARN]: The server will make no attempt to authenticate usernames. Beware.
[20:48:27 WARN]: While this makes the game possible to play without internet access, it also opens up the ability for hackers to connect with any username they choose.
[20:48:27 WARN]: To change this, set "online-mode" to "true" in the server.properties file.
[20:48:27 INFO]: Preparing level "world"
[20:48:28 INFO]: [33;1m[[32;22mSkinsRestorer[33;1m] [0;39m[32;1m----------------------------------------------[0;39m
[20:48:28 INFO]: [33;1m[[32;22mSkinsRestorer[33;1m] [0;39m[32;1m    +===================+[0;39m
[20:48:28 INFO]: [33;1m[[32;22mSkinsRestorer[33;1m] [0;39m[32;1m    |   SkinsRestorer   |[0;39m
[20:48:28 INFO]: [33;1m[[32;22mSkinsRestorer[33;1m] [0;39m[32;1m    |-------------------|[0;39m
[20:48:28 INFO]: [33;1m[[32;22mSkinsRestorer[33;1m] [0;39m[32;1m    |  [34;1m[4m[21mStandalone Mode[0;39m[32;1m  |[0;39m
[20:48:28 INFO]: [33;1m[[32;22mSkinsRestorer[33;1m] [0;39m[32;1m    +===================+[0;39m
[20:48:28 INFO]: [33;1m[[32;22mSkinsRestorer[33;1m] [0;39m[32;1m----------------------------------------------[0;39m
[20:48:28 INFO]: [33;1m[[32;22mSkinsRestorer[33;1m] [0;39m[36;1m    Version: [32;1m15.12.5[0;39m
[20:48:28 INFO]: [33;1m[[32;22mSkinsRestorer[33;1m] [0;39m[36;1m    Commit: [32;1m98b9488[0;39m
[20:48:28 INFO]: [33;1m[[32;22mSkinsRestorer[33;1m] [0;39m[32;1m    This is the latest version![0;39m
[20:48:28 INFO]: [33;1m[[32;22mSkinsRestorer[33;1m] [0;39m[32;1m----------------------------------------------[0;39m
[20:48:28 INFO]: [33;1m[[32;22mSkinsRestorer[33;1m] [0;39m[34;1mDo you have issues? Read our troubleshooting guide: [33;1mhttps://skinsrestorer.net/docs/troubleshooting[0;39m
[20:48:28 INFO]: [33;1m[[32;22mSkinsRestorer[33;1m] [0;39m[34;1mWant to support SkinsRestorer or receive priority support? Become a supporter: [33;1mhttps://skinsrestorer.net/pricing[0;39m
[20:48:28 INFO]: Loading 0 persistent chunks for level 'minecraft:overworld'...
[20:48:28 INFO]: Preparing spawn area: 100%
[20:48:28 INFO]: Prepared spawn area in 2 ms
[20:48:28 INFO]: Loading 0 persistent chunks for level 'minecraft:the_nether'...
[20:48:28 INFO]: Preparing spawn area: 100%
[20:48:28 INFO]: Prepared spawn area in 4 ms
[20:48:28 INFO]: Loading 0 persistent chunks for level 'minecraft:the_end'...
[20:48:28 INFO]: Preparing spawn area: 100%
[20:48:28 INFO]: Prepared spawn area in 2 ms
[20:48:28 INFO]: Done preparing level "world" (0.891s)
[20:48:28 INFO]: [ViaVersion] Enabling ViaVersion v5.11.0
[20:48:28 INFO]: [ViaVersion] ViaVersion detected server version: 26.2 (776)
[20:48:29 INFO]: [ViaBackwards] Enabling ViaBackwards v5.11.0
[20:48:29 INFO]: [INventory] Enabling INventory v1.0.0
[20:48:29 INFO]: [INventory] INventory habilitado.
[20:48:29 INFO]: [Restore] Enabling Restore v1.0.0
[20:48:29 INFO]: [Restore] Restore habilitado - sin tracking de chunks (solo /restore chunk).
[20:48:29 INFO]: [Weapons] Enabling Weapons v2.0.0
[20:48:29 INFO]: [Weapons] ItemEdit listo: /ie o /itemedit
[20:48:29 INFO]: [xLogin] Enabling xLogin v1.0.0
[20:48:29 INFO]: [xLogin] xLogin habilitado: dialogos para 1.21.6+, chat para versiones anteriores.
[20:48:29 INFO]: [Physics] Enabling Physics v1.0.0
[20:48:29 INFO]: [Physics] Physics habilitado.
[20:48:29 INFO]: [Phaxi] Enabling Phaxi v1.0.0
[20:48:29 INFO]: [Phaxi] Phaxi habilitado.
[20:48:29 INFO]: [Death] Enabling Death v1.0.0
[20:48:29 INFO]: [Death] Totem of Life recipe registrado (totem + bloques de oro)
[20:48:29 INFO]: [Death] Death habilitado.
[20:48:29 INFO]: [XautralMusic] Enabling XautralMusic v1.0.0
[20:48:29 INFO]: [XautralMusic] XautralMusic habilitado. Carpeta: plugins/XautralMusic/music | HTTP: 0.0.0.0:8008
[20:48:29 INFO]: [spark] Starting background profiler...
[20:48:30 INFO]: Saving chunks for level 'ServerLevel[world]'/minecraft:overworld
[20:48:30 INFO]: Saving chunks for level 'ServerLevel[world]'/minecraft:the_nether
[20:48:30 INFO]: Saving chunks for level 'ServerLevel[world]'/minecraft:the_end
[20:48:30 INFO]: ThreadedAnvilChunkStorage (world): All chunks are saved
[20:48:30 INFO]: ThreadedAnvilChunkStorage (DIM-1): All chunks are saved
[20:48:30 INFO]: ThreadedAnvilChunkStorage (DIM1): All chunks are saved
[20:48:30 INFO]: ThreadedAnvilChunkStorage: All dimensions are saved
[20:48:30 INFO]: Running delayed init tasks
[20:48:30 INFO]: Done (20.790s)! For help, type "help"
[20:48:30 INFO]: [ViaVersion] Finished mapping loading, shutting down loader executor.
[20:48:30 INFO]: *** Currently you are 9 builds behind ***
[20:48:30 INFO]: *** It is highly recommended to download the latest build from https://papermc.io/downloads/paper ***
[20:48:36 INFO]: Loaded 1585 recipes
[20:48:36 INFO]: Loaded 1688 advancements
[20:48:39 INFO]: [Death] Datapack de logros de Hellish aun no registrado despues del reload.
[20:48:41 INFO]: [XautralMusic] [XautralMusic] Pack: 3 tracks -> 3157704 bytes SHA1=ee8658b2
[20:48:41 INFO]: [XautralMusic] [XautralMusic] HTTP :8008/pack.zip -> https://github.com/wwwilcoxon-eng/WillSrv/releases/download/xautralmusic-pack-1788382119327/pack.zip
[20:48:41 INFO]: [XautralMusic] XautralMusic pack: 3 tracks SHA1=ee8658b2
[20:50:08 INFO]: Stopping server
[20:50:08 INFO]: [XautralMusic] Disabling XautralMusic v1.0.0
[20:50:08 INFO]: [XautralMusic] XautralMusic deshabilitado.
[20:50:08 INFO]: [Death] Disabling Death v1.0.0
[20:50:08 INFO]: [Death] Death deshabilitado.
[20:50:08 INFO]: [Phaxi] Disabling Phaxi v1.0.0
[20:50:08 INFO]: [Phaxi] Phaxi deshabilitado.
[20:50:08 INFO]: [Physics] Disabling Physics v1.0.0
[20:50:08 INFO]: [xLogin] Disabling xLogin v1.0.0
[20:50:08 INFO]: [xLogin] xLogin deshabilitado.
[20:50:08 INFO]: [Weapons] Disabling Weapons v2.0.0
[20:50:08 INFO]: [Restore] Disabling Restore v1.0.0
[20:50:08 INFO]: [Restore] Restore deshabilitado.
[20:50:08 INFO]: [INventory] Disabling INventory v1.0.0
[20:50:08 INFO]: [INventory] INventory deshabilitado.
[20:50:08 INFO]: [SkinsRestorer] Disabling SkinsRestorer v15.12.5
[20:50:08 INFO]: [ViaBackwards] Disabling ViaBackwards v5.11.0
[20:50:08 INFO]: [ViaVersion] Disabling ViaVersion v5.11.0
[20:50:08 INFO]: [ViaVersion] ViaVersion has been disabled; uninjected the platform and shut down the scheduler.
[20:50:08 INFO]: Saving players
[20:50:08 INFO]: Saving worlds
[20:50:08 INFO]: Saving chunks for level 'ServerLevel[world]'/minecraft:overworld
[20:50:08 INFO]: [ChunkHolderManager] Waiting 60s for chunk system to halt for world 'minecraft:overworld'
[20:50:08 INFO]: [ChunkHolderManager] Halted chunk system for world 'minecraft:overworld'
[20:50:08 INFO]: [ChunkHolderManager] Saving all chunkholders for world 'minecraft:overworld'
[20:50:08 INFO]: [ChunkHolderManager] Saved 0 block chunks, 0 entity chunks, 0 poi chunks in world 'minecraft:overworld' in 0.00s
[20:50:08 INFO]: [ChunkHolderManager] Waiting 60s for chunk I/O to halt for world 'minecraft:overworld'
[20:50:08 INFO]: [ChunkHolderManager] Halted I/O scheduler for world 'minecraft:overworld'
[20:50:08 INFO]: Saving chunks for level 'ServerLevel[world]'/minecraft:the_nether
[20:50:08 INFO]: [ChunkHolderManager] Waiting 60s for chunk system to halt for world 'minecraft:the_nether'
[20:50:08 INFO]: [ChunkHolderManager] Halted chunk system for world 'minecraft:the_nether'
[20:50:08 INFO]: [ChunkHolderManager] Saving all chunkholders for world 'minecraft:the_nether'
[20:50:08 INFO]: [ChunkHolderManager] Saved 0 block chunks, 0 entity chunks, 0 poi chunks in world 'minecraft:the_nether' in 0.00s
[20:50:08 INFO]: [ChunkHolderManager] Waiting 60s for chunk I/O to halt for world 'minecraft:the_nether'
[20:50:08 INFO]: [ChunkHolderManager] Halted I/O scheduler for world 'minecraft:the_nether'
[20:50:08 INFO]: Saving chunks for level 'ServerLevel[world]'/minecraft:the_end
[20:50:08 INFO]: [ChunkHolderManager] Waiting 60s for chunk system to halt for world 'minecraft:the_end'
[20:50:08 INFO]: [ChunkHolderManager] Halted chunk system for world 'minecraft:the_end'
[20:50:08 INFO]: [ChunkHolderManager] Saving all chunkholders for world 'minecraft:the_end'
[20:50:08 INFO]: [ChunkHolderManager] Saved 0 block chunks, 0 entity chunks, 0 poi chunks in world 'minecraft:the_end' in 0.00s
[20:50:08 INFO]: [ChunkHolderManager] Waiting 60s for chunk I/O to halt for world 'minecraft:the_end'
[20:50:08 INFO]: [ChunkHolderManager] Halted I/O scheduler for world 'minecraft:the_end'
[20:50:08 INFO]: ThreadedAnvilChunkStorage (world): All chunks are saved
[20:50:08 INFO]: ThreadedAnvilChunkStorage (DIM-1): All chunks are saved
[20:50:08 INFO]: ThreadedAnvilChunkStorage (DIM1): All chunks are saved
[20:50:08 INFO]: ThreadedAnvilChunkStorage: All dimensions are saved
[20:50:08 INFO]: Waiting for all RegionFile I/O tasks to complete...
[20:50:08 INFO]: All RegionFile I/O tasks to complete
[20:50:08 INFO]: [MoonriseCommon] Awaiting termination of worker pool for up to 60s...
[20:50:08 INFO]: [MoonriseCommon] Awaiting termination of I/O pool for up to 60s...
[20:50:09 ERROR]: [STDERR] [me.lucko.spark.paper.common.util.log.Logger$1] Uncaught exception thrown in thread spark-monitoring-1-thread-1
[20:50:09 WARN]: java.util.concurrent.CancellationException
[20:50:09 WARN]: 	at java.base/java.util.concurrent.FutureTask.report(FutureTask.java:123)
[20:50:09 WARN]: 	at java.base/java.util.concurrent.FutureTask.get(FutureTask.java:193)
[20:50:09 WARN]: 	at me.lucko.spark.paper.common.util.SparkScheduledThreadPoolExecutor.afterExecute(SparkScheduledThreadPoolExecutor.java:48)
[20:50:09 WARN]: 	at java.base/java.util.concurrent.ThreadPoolExecutor.runWorker(ThreadPoolExecutor.java:1091)
[20:50:09 WARN]: 	at java.base/java.util.concurrent.ThreadPoolExecutor$Worker.run(ThreadPoolExecutor.java:614)
[20:50:09 WARN]: 	at java.base/java.lang.Thread.run(Thread.java:1474)
